// Jest Snapshot v1, https://goo.gl/fbAQLP

exports[`ErrorPage snap test 1`] = `<DocumentFragment />`;
